vladimir
usuario_replicacion
desarrollo
imp_pr
rcastro
cvilanova
mcafee
ajovel
gbonilla
msalud
mcamino
horellana
carlas
ldpleite
rnerio
hparedes
hurbina
igonzales
pmontalvo
aviana
ecanjura
jcampos
mbarrientos
report
bgalan
lluna
jcruz
mnoyola
mfrancia
jfrancia
dcarpintero
pposada
nadame
ralainez
ijimenez
ggomez
informacion
enfermeria
rmartinez
mquijano
glainez
tgallardo
icornejo
desisa
auditoria1
auditoria2
sidatel3
sidatel5
sidatel1
sidatel4
sidatel2
emerino
jgranados
ssocial2
ssocial1
jmpineda
fvasquez
vaguila
informatica
pdriscoll
cmoreno
bcontreras
usuario
wlara
bccastillo
usuario1
tvalladares
rbautista
ncontreras
eerodas
ycalderon
cmarmol
dehenriquez
urmim
farguello
mbenavid
loalvarado
siapserver
mlluna
smaguilar
gmejia
ebonilla
tcoreas
xmendez
csalazar
mpanameno
pdheming
shenriquez
iivaquerano
mmguzman
rruiz
dportal
ngaldamez
llipe
usuario_cobertura
crivas
usuario_enfermeria
jdgonzalez
jumarroquin
kalfaro
jcarcamo
rmendoza
scalderon
ccristales
msgonzalez
jcea
spalencia
mplatero
jmontero
ucp
administrador
ybarahona
anpalacios
mhurtado
elsoriano
sctorres
eicanas
mportales
iespino
dacontreras
lmmorales
yjaco
jcnavidad
wbelteto
pulloa
jefigueroa
avaren
apadilla
rxmartinez
meramos
merecinos
gzacate
gmaternidad
gprides
gsanmiguel
cghenriquez
fgaray
mgonzalez
ksanchez
rlivares
sbazan
promocion1
soporte
hnsclinica
vjbernal
achecez
maquimo
maarevalov
lcmulato
rvelasquez
zcguzman
emineros
amunoz
gcanas
gperez
nderas
savelar
hnbarrios
ggarodriguez
kmonyoya
cmarenco
info
cherrera
meguardado
vmestizo
emejia
lmelendez
irenderos
nochoa
dlinares
moaguilar
rigarcia
reecheverria
vsiguenza
yvazquez
ytrejos
hqquintanilla
tecruz
mochoa
recartagena
kguillen
maayalah
mbhernandez
mfumana
mymartinez
wfernand
impresores_insa
ragutierrezt
caguerrae
carguerrar
carlguerrar
carlaguerraa
mziguenza
dticfrancis
svergara
kiramirez
blangois
meqintanilla
rareyes
enjimenez
vmorellna
sicortes
abarrientosabarrientos
adimpresores
adimpresoras
atencion_hnch
roc_usalcoatitan
roc_ucaluco
roc_vecsonsomate
weacosta

